###############################################################################
#
# IAR ELF Linker V9.20.4.327/W64 for ARM                  05/Sep/2022  12:59:18
# Copyright 2007-2022 IAR Systems AB.
#
#    Output file  =
#        D:\EEE\Embedded Systems\Tiva Launchpad\Projects\Lesson
#        16\Debug\Exe\c.out
#    Map file     =
#        D:\EEE\Embedded Systems\Tiva Launchpad\Projects\Lesson
#        16\Debug\List\c.map
#    Command line =
#        -f "D:\EEE\Embedded Systems\Tiva Launchpad\Projects\Lesson
#        16\Debug\Exe\c.out.rsp" ("D:\EEE\Embedded Systems\Tiva
#        Launchpad\Projects\Lesson 16\Debug\Obj\bsp.o" "D:\EEE\Embedded
#        Systems\Tiva Launchpad\Projects\Lesson 16\Debug\Obj\main.o"
#        "D:\EEE\Embedded Systems\Tiva Launchpad\Projects\Lesson
#        16\Debug\Obj\Startup_tm4c.o" --no_out_extension -o "D:\EEE\Embedded
#        Systems\Tiva Launchpad\Projects\Lesson 16\Debug\Exe\c.out" --redirect
#        _Printf=_PrintfFullNoMb --redirect _Scanf=_ScanfFullNoMb --map
#        "D:\EEE\Embedded Systems\Tiva Launchpad\Projects\Lesson
#        16\Debug\List\c.map" --config "D:\EEE\Embedded Systems\Tiva
#        Launchpad\Projects\Lesson 16\project.icf" --entry __iar_program_start
#        "C:\Program Files\IAR Systems\Embedded Workbench
#        9.0\arm\CMSIS\Lib\IAR\iar_cortexM4l_math.a" --vfe --text_out locale)
#
###############################################################################

*******************************************************************************
*** RUNTIME MODEL ATTRIBUTES
***

CppFlavor       = *
__CPP_Runtime   = 1
__SystemLibrary = DLib
__dlib_version  = 6


*******************************************************************************
*** HEAP SELECTION
***

The basic heap was selected because some modules are built with
size limitations (and not runtime checking), and --advanced_heap
was not specified.


*******************************************************************************
*** PLACEMENT SUMMARY
***

"A0":  place at address 0x0 { ro section .intvec };
"P1":  place in [from 0x0 to 0x3'ffff] { ro };
define block CSTACK with size = 1K, alignment = 8 { };
define block HEAP with size = 0, alignment = 8 { };
"P2":  place in [from 0x2000'0000 to 0x2000'7fff] {
          rw, block CSTACK, block HEAP };

No sections matched the following patterns:

  rw  in "P2"


  Section   Kind         Address   Size  Object
  -------   ----         -------   ----  ------
"A0":                              0x40
  .intvec   const            0x0   0x40  Startup_tm4c.o [1]
                          - 0x40   0x40

"P1":                             0x190
  .text     ro code         0x40   0x7c  main.o [1]
  .text     ro code         0xbc   0x38  bsp.o [1]
  .text     ro code         0xf4   0x48  Startup_tm4c.o [1]
  .text     ro code        0x13c   0x1e  cmain.o [3]
  .text     ro code        0x15a    0x4  low_level_init.o [2]
  .text     ro code        0x15e    0x4  exit.o [2]
  .text     ro code        0x162    0x2  vectortrap_M.o [3]
  .text     ro code        0x164    0xa  cexit.o [3]
  .text     ro code        0x170    0xc  XXexit.o [3]
  .text     ro code        0x17c   0x1c  cstartup_M.o [3]
  .rodata   const          0x198    0xc  Startup_tm4c.o [1]
  .rodata   const          0x1a4    0xc  Startup_tm4c.o [1]
  .rodata   const          0x1b0    0xc  Startup_tm4c.o [1]
  .rodata   const          0x1bc    0xc  Startup_tm4c.o [1]
  .rodata   const          0x1c8    0x8  Startup_tm4c.o [1]
                         - 0x1d0  0x190

"P2":                             0x400
  CSTACK             0x2000'0000  0x400  <Block>
    CSTACK  uninit   0x2000'0000  0x400  <Block tail>
                   - 0x2000'0400  0x400

Unused ranges:

         From           To      Size
         ----           --      ----
        0x1d0     0x3'ffff  0x3'fe30
  0x2000'0400  0x2000'7fff    0x7c00



*******************************************************************************
*** MODULE SUMMARY
***

    Module            ro code  ro data  rw data
    ------            -------  -------  -------
command line/config:
    -------------------------------------------
    Total:

D:\EEE\Embedded Systems\Tiva Launchpad\Projects\Lesson 16\Debug\Obj: [1]
    Startup_tm4c.o         72      120
    bsp.o                  56
    main.o                124
    -------------------------------------------
    Total:                252      120

dl7M_tln.a: [2]
    exit.o                  4
    low_level_init.o        4
    -------------------------------------------
    Total:                  8

rt7M_tl.a: [3]
    XXexit.o               12
    cexit.o                10
    cmain.o                30
    cstartup_M.o           28
    vectortrap_M.o          2
    -------------------------------------------
    Total:                 82

    Gaps                    2
    Linker created                        1'024
-----------------------------------------------
    Grand Total:          344      120    1'024


*******************************************************************************
*** ENTRY LIST
***

Entry                     Address  Size  Type      Object
-----                     -------  ----  ----      ------
?main                       0x13d        Code  Gb  cmain.o [3]
BusFault_Handler            0x109   0xa  Code  Gb  Startup_tm4c.o [1]
CSTACK$$Base          0x2000'0000         --   Gb  - Linker created -
CSTACK$$Limit         0x2000'0400        Data  Gb  - Linker created -
HardFault_Handler            0xf5   0xa  Code  Gb  Startup_tm4c.o [1]
MemManage_Handler            0xff   0xa  Code  Gb  Startup_tm4c.o [1]
NMI_Handler                 0x163        Code  Wk  vectortrap_M.o [3]
Region$$Table$$Base           0x0         --   Gb  - Linker created -
Region$$Table$$Limit          0x0         --   Gb  - Linker created -
SysTick_Handler              0xdd   0xc  Code  Gb  bsp.o [1]
Unused_Handler              0x11d   0xa  Code  Gb  Startup_tm4c.o [1]
UsageFault_Handler          0x113   0xa  Code  Gb  Startup_tm4c.o [1]
__NVIC_SystemReset           0xbd  0x1a  Code  Lc  bsp.o [1]
__cmain                     0x13d        Code  Gb  cmain.o [3]
__exit                      0x171        Code  Gb  XXexit.o [3]
__iar_program_start         0x17d        Code  Gb  cstartup_M.o [3]
__low_level_init            0x15b   0x4  Code  Gb  low_level_init.o [2]
__vector_table                0x0  0x40  Data  Gb  Startup_tm4c.o [1]
_call_main                  0x149        Code  Gb  cmain.o [3]
_exit                       0x165        Code  Gb  cexit.o [3]
assert_failed                0xd7   0x6  Code  Gb  bsp.o [1]
exit                        0x15f   0x4  Code  Gb  exit.o [2]
main                         0x41  0x7c  Code  Gb  main.o [1]


[1] = D:\EEE\Embedded Systems\Tiva Launchpad\Projects\Lesson 16\Debug\Obj
[2] = dl7M_tln.a
[3] = rt7M_tl.a

    344 bytes of readonly  code memory
    120 bytes of readonly  data memory
  1'024 bytes of readwrite data memory

Errors: none
Warnings: none
