###############################################################################
#
# IAR ELF Linker V9.20.4.327/W64 for ARM                  07/Aug/2022  01:22:23
# Copyright 2007-2022 IAR Systems AB.
#
#    Output file  =
#        D:\EEE\Embedded Systems\Tiva Launchpad\Projects\Lesson
#        13\Debug\Exe\c.out
#    Map file     =
#        D:\EEE\Embedded Systems\Tiva Launchpad\Projects\Lesson
#        13\Debug\List\c.map
#    Command line =
#        -f "D:\EEE\Embedded Systems\Tiva Launchpad\Projects\Lesson
#        13\Debug\Exe\c.out.rsp" ("D:\EEE\Embedded Systems\Tiva
#        Launchpad\Projects\Lesson 13\Debug\Obj\delay.o" "D:\EEE\Embedded
#        Systems\Tiva Launchpad\Projects\Lesson 13\Debug\Obj\main.o"
#        "D:\EEE\Embedded Systems\Tiva Launchpad\Projects\Lesson
#        13\Debug\Obj\Startup_tm4c.o" --no_out_extension -o "D:\EEE\Embedded
#        Systems\Tiva Launchpad\Projects\Lesson 13\Debug\Exe\c.out" --redirect
#        _Printf=_PrintfFullNoMb --redirect _Scanf=_ScanfFullNoMb --map
#        "D:\EEE\Embedded Systems\Tiva Launchpad\Projects\Lesson
#        13\Debug\List\c.map" --config "D:\EEE\Embedded Systems\Tiva
#        Launchpad\Projects\Lesson 13\project.icf" --entry __iar_program_start
#        "C:\Program Files\IAR Systems\Embedded Workbench
#        9.0\arm\CMSIS\Lib\IAR\iar_cortexM4l_math.a" --vfe --text_out locale)
#
###############################################################################

*******************************************************************************
*** RUNTIME MODEL ATTRIBUTES
***

CppFlavor       = *
__CPP_Runtime   = 1
__SystemLibrary = DLib
__dlib_version  = 6


*******************************************************************************
*** HEAP SELECTION
***

The basic heap was selected because some modules are built with
size limitations (and not runtime checking), and --advanced_heap
was not specified.


*******************************************************************************
*** PLACEMENT SUMMARY
***

"A0":  place at address 0x0 { ro section .intvec };
"P1":  place in [from 0x0 to 0x3'ffff] { ro };
define block CSTACK with size = 1K, alignment = 8 { };
define block HEAP with size = 0, alignment = 8 { };
"P2":  place in [from 0x2000'0000 to 0x2000'7fff] {
          rw, block CSTACK, block HEAP };
initialize by copy { rw };

  Section            Kind         Address   Size  Object
  -------            ----         -------   ----  ------
"A0":                                        0x8
  .intvec            const            0x0    0x8  Startup_tm4c.o [1]
                                    - 0x8    0x8

"P1":                                      0x160
  .text              ro code          0x8   0x7c  main.o [1]
  .text              ro code         0x84   0x14  delay.o [1]
  .text              ro code         0x98   0x2a  copy_init3.o [3]
  .text              ro code         0xc4   0x28  data_init.o [3]
  .iar.init_table    const           0xec   0x14  - Linker created -
  .text              ro code        0x100   0x1e  cmain.o [3]
  .text              ro code        0x11e    0x4  low_level_init.o [2]
  .text              ro code        0x122    0x4  exit.o [2]
  .text              ro code        0x128    0xa  cexit.o [3]
  .text              ro code        0x134    0xc  XXexit.o [3]
  .text              ro code        0x140   0x1c  cstartup_M.o [3]
  .rodata            const          0x15c    0x8  main.o [1]
  Initializer bytes  const          0x164    0x4  <for P2-1>
  .rodata            const          0x168    0x0  copy_init3.o [3]
                                  - 0x168  0x160

"P2":                                        0x4
  P2-1                        0x2000'0000    0x4  <Init block>
    .data            inited   0x2000'0000    0x4  main.o [1]
                            - 0x2000'0004    0x4

Unused ranges:

         From           To      Size
         ----           --      ----
        0x168     0x3'ffff  0x3'fe98
  0x2000'0004  0x2000'7fff    0x7ffc


*******************************************************************************
*** INIT TABLE
***

          Address      Size
          -------      ----
Copy (__iar_copy_init3)
    1 source range, total size 0x4:
                0x164   0x4
    1 destination range, total size 0x4:
          0x2000'0000   0x4



*******************************************************************************
*** MODULE SUMMARY
***

    Module            ro code  ro data  rw data
    ------            -------  -------  -------
command line/config:
    -------------------------------------------
    Total:

D:\EEE\Embedded Systems\Tiva Launchpad\Projects\Lesson 13\Debug\Obj: [1]
    Startup_tm4c.o                   8
    delay.o                20
    main.o                124       12        4
    -------------------------------------------
    Total:                144       20        4

dl7M_tln.a: [2]
    exit.o                  4
    low_level_init.o        4
    -------------------------------------------
    Total:                  8

rt7M_tl.a: [3]
    XXexit.o               12
    cexit.o                10
    cmain.o                30
    copy_init3.o           42
    cstartup_M.o           28
    data_init.o            40
    -------------------------------------------
    Total:                162

    Gaps                    6
    Linker created                  20
-----------------------------------------------
    Grand Total:          320       40        4


*******************************************************************************
*** ENTRY LIST
***

Entry                       Address  Size  Type      Object
-----                       -------  ----  ----      ------
.iar.init_table$$Base          0xec         --   Gb  - Linker created -
.iar.init_table$$Limit        0x100         --   Gb  - Linker created -
?main                         0x101        Code  Gb  cmain.o [3]
Region$$Table$$Base            0xec         --   Gb  - Linker created -
Region$$Table$$Limit          0x100         --   Gb  - Linker created -
__cmain                       0x101        Code  Gb  cmain.o [3]
__exit                        0x135        Code  Gb  XXexit.o [3]
__iar_copy_init3               0x99  0x2a  Code  Gb  copy_init3.o [3]
__iar_data_init3               0xc5  0x28  Code  Gb  data_init.o [3]
__iar_program_start           0x141        Code  Gb  cstartup_M.o [3]
__low_level_init              0x11f   0x4  Code  Gb  low_level_init.o [2]
__vector_table                  0x0   0x8  Data  Gb  Startup_tm4c.o [1]
_call_main                    0x10d        Code  Gb  cmain.o [3]
_exit                         0x129        Code  Gb  cexit.o [3]
delay                          0x85  0x14  Code  Gb  delay.o [1]
exit                          0x123   0x4  Code  Gb  exit.o [2]
main                            0x9  0x7c  Code  Gb  main.o [1]
p1                      0x2000'0000   0x4  Data  Gb  main.o [1]


[1] = D:\EEE\Embedded Systems\Tiva Launchpad\Projects\Lesson 13\Debug\Obj
[2] = dl7M_tln.a
[3] = rt7M_tl.a

  320 bytes of readonly  code memory
   40 bytes of readonly  data memory
    4 bytes of readwrite data memory

Errors: none
Warnings: none
