###############################################################################
#
# IAR ELF Linker V9.20.4.327/W64 for ARM                  14/Aug/2022  19:01:12
# Copyright 2007-2022 IAR Systems AB.
#
#    Output file  =
#        D:\EEE\Embedded Systems\Tiva Launchpad\Projects\Lesson
#        14\Debug\Exe\c.out
#    Map file     =
#        D:\EEE\Embedded Systems\Tiva Launchpad\Projects\Lesson
#        14\Debug\List\c.map
#    Command line =
#        -f "D:\EEE\Embedded Systems\Tiva Launchpad\Projects\Lesson
#        14\Debug\Exe\c.out.rsp" ("D:\EEE\Embedded Systems\Tiva
#        Launchpad\Projects\Lesson 14\Debug\Obj\bsp.o" "D:\EEE\Embedded
#        Systems\Tiva Launchpad\Projects\Lesson 14\Debug\Obj\delay.o"
#        "D:\EEE\Embedded Systems\Tiva Launchpad\Projects\Lesson
#        14\Debug\Obj\main.o" "D:\EEE\Embedded Systems\Tiva
#        Launchpad\Projects\Lesson 14\Debug\Obj\Startup_tm4c.o"
#        --no_out_extension -o "D:\EEE\Embedded Systems\Tiva
#        Launchpad\Projects\Lesson 14\Debug\Exe\c.out" --redirect
#        _Printf=_PrintfFullNoMb --redirect _Scanf=_ScanfFullNoMb --map
#        "D:\EEE\Embedded Systems\Tiva Launchpad\Projects\Lesson
#        14\Debug\List\c.map" --config "D:\EEE\Embedded Systems\Tiva
#        Launchpad\Projects\Lesson 14\project.icf" --entry __iar_program_start
#        "C:\Program Files\IAR Systems\Embedded Workbench
#        9.0\arm\CMSIS\Lib\IAR\iar_cortexM4l_math.a" --vfe --text_out locale)
#
###############################################################################

*******************************************************************************
*** RUNTIME MODEL ATTRIBUTES
***

CppFlavor       = *
__CPP_Runtime   = 1
__SystemLibrary = DLib
__dlib_version  = 6


*******************************************************************************
*** HEAP SELECTION
***

The basic heap was selected because some modules are built with
size limitations (and not runtime checking), and --advanced_heap
was not specified.


*******************************************************************************
*** PLACEMENT SUMMARY
***

"A0":  place at address 0x0 { ro section .intvec };
"P1":  place in [from 0x0 to 0x3'ffff] { ro };
define block CSTACK with size = 1K, alignment = 8 { };
define block HEAP with size = 0, alignment = 8 { };
"P2":  place in [from 0x2000'0000 to 0x2000'7fff] {
          rw, block CSTACK, block HEAP };
initialize by copy { rw };

  Section            Kind         Address   Size  Object
  -------            ----         -------   ----  ------
"A0":                                       0x40
  .intvec            const            0x0   0x40  Startup_tm4c.o [1]
                                   - 0x40   0x40

"P1":                                      0x208
  .text              ro code         0x40   0x7c  main.o [1]
  .text              ro code         0xbc   0x14  delay.o [1]
  .text              ro code         0xd0   0x48  Startup_tm4c.o [1]
  .text              ro code        0x118   0x2a  bsp.o [1]
  .text              ro code        0x142   0x2a  copy_init3.o [3]
  .text              ro code        0x16c   0x28  data_init.o [3]
  .iar.init_table    const          0x194   0x14  - Linker created -
  .text              ro code        0x1a8   0x1e  cmain.o [3]
  .text              ro code        0x1c6    0x4  low_level_init.o [2]
  .text              ro code        0x1ca    0x4  exit.o [2]
  .text              ro code        0x1ce    0x2  vectortrap_M.o [3]
  .text              ro code        0x1d0    0xa  cexit.o [3]
  .text              ro code        0x1dc    0xc  XXexit.o [3]
  .text              ro code        0x1e8   0x1c  cstartup_M.o [3]
  .rodata            const          0x204    0xc  Startup_tm4c.o [1]
  .rodata            const          0x210    0xc  Startup_tm4c.o [1]
  .rodata            const          0x21c    0xc  Startup_tm4c.o [1]
  .rodata            const          0x228    0xc  Startup_tm4c.o [1]
  .rodata            const          0x234    0x8  main.o [1]
  .rodata            const          0x23c    0x8  Startup_tm4c.o [1]
  Initializer bytes  const          0x244    0x4  <for P2-1>
  .rodata            const          0x248    0x0  copy_init3.o [3]
                                  - 0x248  0x208

"P2", part 1 of 2:                           0x4
  P2-1                        0x2000'0000    0x4  <Init block>
    .data            inited   0x2000'0000    0x4  main.o [1]
                            - 0x2000'0004    0x4

"P2", part 2 of 2:                         0x400
  CSTACK                      0x2000'0008  0x400  <Block>
    CSTACK           uninit   0x2000'0008  0x400  <Block tail>
                            - 0x2000'0408  0x400

Unused ranges:

         From           To      Size
         ----           --      ----
        0x248     0x3'ffff  0x3'fdb8
  0x2000'0004  0x2000'0007       0x4
  0x2000'0408  0x2000'7fff    0x7bf8


*******************************************************************************
*** INIT TABLE
***

          Address      Size
          -------      ----
Copy (__iar_copy_init3)
    1 source range, total size 0x4:
                0x244   0x4
    1 destination range, total size 0x4:
          0x2000'0000   0x4



*******************************************************************************
*** MODULE SUMMARY
***

    Module            ro code  ro data  rw data
    ------            -------  -------  -------
command line/config:
    -------------------------------------------
    Total:

D:\EEE\Embedded Systems\Tiva Launchpad\Projects\Lesson 14\Debug\Obj: [1]
    Startup_tm4c.o         72      120
    bsp.o                  42
    delay.o                20
    main.o                124       12        4
    -------------------------------------------
    Total:                258      132        4

dl7M_tln.a: [2]
    exit.o                  4
    low_level_init.o        4
    -------------------------------------------
    Total:                  8

rt7M_tl.a: [3]
    XXexit.o               12
    cexit.o                10
    cmain.o                30
    copy_init3.o           42
    cstartup_M.o           28
    data_init.o            40
    vectortrap_M.o          2
    -------------------------------------------
    Total:                164

    Gaps                    2
    Linker created                  20    1'024
-----------------------------------------------
    Grand Total:          432      152    1'028


*******************************************************************************
*** ENTRY LIST
***

Entry                       Address  Size  Type      Object
-----                       -------  ----  ----      ------
.iar.init_table$$Base         0x194         --   Gb  - Linker created -
.iar.init_table$$Limit        0x1a8         --   Gb  - Linker created -
?main                         0x1a9        Code  Gb  cmain.o [3]
BusFault_Handler               0xe5   0xa  Code  Gb  Startup_tm4c.o [1]
CSTACK$$Base            0x2000'0008         --   Gb  - Linker created -
CSTACK$$Limit           0x2000'0408        Data  Gb  - Linker created -
HardFault_Handler              0xd1   0xa  Code  Gb  Startup_tm4c.o [1]
MemManage_Handler              0xdb   0xa  Code  Gb  Startup_tm4c.o [1]
NMI_Handler                   0x1cf        Code  Wk  vectortrap_M.o [3]
Region$$Table$$Base           0x194         --   Gb  - Linker created -
Region$$Table$$Limit          0x1a8         --   Gb  - Linker created -
Unused_Handler                 0xf9   0xa  Code  Gb  Startup_tm4c.o [1]
UsageFault_Handler             0xef   0xa  Code  Gb  Startup_tm4c.o [1]
__NVIC_SystemReset            0x119  0x1a  Code  Lc  bsp.o [1]
__cmain                       0x1a9        Code  Gb  cmain.o [3]
__exit                        0x1dd        Code  Gb  XXexit.o [3]
__iar_copy_init3              0x143  0x2a  Code  Gb  copy_init3.o [3]
__iar_data_init3              0x16d  0x28  Code  Gb  data_init.o [3]
__iar_program_start           0x1e9        Code  Gb  cstartup_M.o [3]
__low_level_init              0x1c7   0x4  Code  Gb  low_level_init.o [2]
__vector_table                  0x0  0x40  Data  Gb  Startup_tm4c.o [1]
_call_main                    0x1b5        Code  Gb  cmain.o [3]
_exit                         0x1d1        Code  Gb  cexit.o [3]
assert_failed                 0x13d   0x6  Code  Gb  bsp.o [1]
delay                          0xbd  0x14  Code  Gb  delay.o [1]
exit                          0x1cb   0x4  Code  Gb  exit.o [2]
main                           0x41  0x7c  Code  Gb  main.o [1]
p1                      0x2000'0000   0x4  Data  Gb  main.o [1]


[1] = D:\EEE\Embedded Systems\Tiva Launchpad\Projects\Lesson 14\Debug\Obj
[2] = dl7M_tln.a
[3] = rt7M_tl.a

    432 bytes of readonly  code memory
    152 bytes of readonly  data memory
  1'028 bytes of readwrite data memory

Errors: none
Warnings: none
