###############################################################################
#
# IAR ELF Linker V9.20.4.327/W64 for ARM                  07/Jun/2022  12:44:53
# Copyright 2007-2022 IAR Systems AB.
#
#    Output file  =
#        D:\EEE\Embedded Systems\Tiva Launchpad\Projects\Lesson
#        6.1\Debug\Exe\lesson.out
#    Map file     =
#        D:\EEE\Embedded Systems\Tiva Launchpad\Projects\Lesson
#        6.1\Debug\List\lesson.map
#    Command line =
#        -f "D:\EEE\Embedded Systems\Tiva Launchpad\Projects\Lesson
#        6.1\Debug\Exe\lesson.out.rsp" ("D:\EEE\Embedded Systems\Tiva
#        Launchpad\Projects\Lesson 6.1\Debug\Obj\main.o" --no_out_extension -o
#        "D:\EEE\Embedded Systems\Tiva Launchpad\Projects\Lesson
#        6.1\Debug\Exe\lesson.out" --redirect _Printf=_PrintfFullNoMb
#        --redirect _Scanf=_ScanfFullNoMb --map "D:\EEE\Embedded Systems\Tiva
#        Launchpad\Projects\Lesson 6.1\Debug\List\lesson.map" --config
#        "C:\Program Files\IAR Systems\Embedded Workbench
#        9.0\arm\config\generic_cortex.icf" --semihosting --entry
#        __iar_program_start --vfe --text_out locale)
#
###############################################################################

*******************************************************************************
*** RUNTIME MODEL ATTRIBUTES
***

CppFlavor       = *
__CPP_Runtime   = 1
__SystemLibrary = DLib
__dlib_version  = 6


*******************************************************************************
*** HEAP SELECTION
***

The basic heap was selected because some modules are built with
size limitations (and not runtime checking), and --advanced_heap
was not specified.


*******************************************************************************
*** PLACEMENT SUMMARY
***

"A0":  place at address 0x0 { ro section .intvec };
"P1":  place in [from 0x0 to 0x7'ffff] { ro };
define block CSTACK with size = 1K, alignment = 8 { };
define block PROC_STACK with size = 0, alignment = 8 { };
define block HEAP with size = 2K, alignment = 8 { };
"P2":  place in [from 0x2000'0000 to 0x2000'ffff] {
          rw, block CSTACK, block PROC_STACK, block HEAP };

No sections matched the following patterns:

  rw  in "P2"


  Section   Kind         Address   Size  Object
  -------   ----         -------   ----  ------
"A0":                              0x40
  .intvec   ro code          0x0   0x40  vector_table_M.o [3]
                          - 0x40   0x40

"P1":                             0x118
  .text     ro code         0x40   0xb4  main.o [1]
  .text     ro code         0xf4   0x1e  cmain.o [3]
  .text     ro code        0x112    0x4  low_level_init.o [2]
  .text     ro code        0x116    0x4  exit.o [2]
  .text     ro code        0x11a    0x2  vectortrap_M.o [3]
  .text     ro code        0x11c    0xa  cexit.o [3]
  .text     ro code        0x128   0x14  exit.o [4]
  .text     ro code        0x13c   0x1c  cstartup_M.o [3]
                         - 0x158  0x118

"P2":                             0x400
  CSTACK             0x2000'0000  0x400  <Block>
    CSTACK  uninit   0x2000'0000  0x400  <Block tail>
                   - 0x2000'0400  0x400

Unused ranges:

         From           To      Size
         ----           --      ----
        0x158     0x7'ffff  0x7'fea8
  0x2000'0400  0x2000'ffff    0xfc00



*******************************************************************************
*** MODULE SUMMARY
***

    Module            ro code  rw data
    ------            -------  -------
command line/config:
    ----------------------------------
    Total:

D:\EEE\Embedded Systems\Tiva Launchpad\Projects\Lesson 6.1\Debug\Obj: [1]
    main.o                180
    ----------------------------------
    Total:                180

dl7M_tln.a: [2]
    exit.o                  4
    low_level_init.o        4
    ----------------------------------
    Total:                  8

rt7M_tl.a: [3]
    cexit.o                10
    cmain.o                30
    cstartup_M.o           28
    vector_table_M.o       64
    vectortrap_M.o          2
    ----------------------------------
    Total:                134

shb_l.a: [4]
    exit.o                 20
    ----------------------------------
    Total:                 20

    Gaps                    2
    Linker created               1'024
--------------------------------------
    Grand Total:          344    1'024


*******************************************************************************
*** ENTRY LIST
***

Entry                     Address  Size  Type      Object
-----                     -------  ----  ----      ------
?main                        0xf5        Code  Gb  cmain.o [3]
BusFault_Handler            0x11b        Code  Wk  vectortrap_M.o [3]
CSTACK$$Base          0x2000'0000         --   Gb  - Linker created -
CSTACK$$Limit         0x2000'0400         --   Gb  - Linker created -
DebugMon_Handler            0x11b        Code  Wk  vectortrap_M.o [3]
HardFault_Handler           0x11b        Code  Wk  vectortrap_M.o [3]
MemManage_Handler           0x11b        Code  Wk  vectortrap_M.o [3]
NMI_Handler                 0x11b        Code  Wk  vectortrap_M.o [3]
PendSV_Handler              0x11b        Code  Wk  vectortrap_M.o [3]
Region$$Table$$Base           0x0         --   Gb  - Linker created -
Region$$Table$$Limit          0x0         --   Gb  - Linker created -
SVC_Handler                 0x11b        Code  Wk  vectortrap_M.o [3]
SysTick_Handler             0x11b        Code  Wk  vectortrap_M.o [3]
UsageFault_Handler          0x11b        Code  Wk  vectortrap_M.o [3]
__cmain                      0xf5        Code  Gb  cmain.o [3]
__exit                      0x129  0x14  Code  Gb  exit.o [4]
__iar_program_start         0x13d        Code  Gb  cstartup_M.o [3]
__low_level_init            0x113   0x4  Code  Gb  low_level_init.o [2]
__vector_table                0x0        Data  Gb  vector_table_M.o [3]
_call_main                  0x101        Code  Gb  cmain.o [3]
_exit                       0x11d        Code  Gb  cexit.o [3]
exit                        0x117   0x4  Code  Gb  exit.o [2]
main                         0x41  0xb4  Code  Gb  main.o [1]


[1] = D:\EEE\Embedded Systems\Tiva Launchpad\Projects\Lesson 6.1\Debug\Obj
[2] = dl7M_tln.a
[3] = rt7M_tl.a
[4] = shb_l.a

    344 bytes of readonly  code memory
  1'024 bytes of readwrite data memory

Errors: none
Warnings: none
