###############################################################################
#
# IAR ELF Linker V9.20.4.327/W64 for ARM                  02/Aug/2022  02:48:47
# Copyright 2007-2022 IAR Systems AB.
#
#    Output file  =
#        D:\EEE\Embedded Systems\Tiva Launchpad\Projects\Lesson
#        10\Debug\Exe\Lesson.out
#    Map file     =
#        D:\EEE\Embedded Systems\Tiva Launchpad\Projects\Lesson
#        10\Debug\List\Lesson.map
#    Command line =
#        -f "D:\EEE\Embedded Systems\Tiva Launchpad\Projects\Lesson
#        10\Debug\Exe\Lesson.out.rsp" ("D:\EEE\Embedded Systems\Tiva
#        Launchpad\Projects\Lesson 10\Debug\Obj\Delay.o" "D:\EEE\Embedded
#        Systems\Tiva Launchpad\Projects\Lesson 10\Debug\Obj\main.o"
#        --no_out_extension -o "D:\EEE\Embedded Systems\Tiva
#        Launchpad\Projects\Lesson 10\Debug\Exe\Lesson.out" --redirect
#        _Printf=_PrintfFullNoMb --redirect _Scanf=_ScanfFullNoMb --map
#        "D:\EEE\Embedded Systems\Tiva Launchpad\Projects\Lesson
#        10\Debug\List\Lesson.map" --config "D:\EEE\Embedded Systems\Tiva
#        Launchpad\Projects\Lesson 9.2\Lesson.icf" --semihosting --entry
#        __iar_program_start --vfe --text_out locale)
#
###############################################################################

*******************************************************************************
*** RUNTIME MODEL ATTRIBUTES
***

CppFlavor       = *
__CPP_Runtime   = 1
__SystemLibrary = DLib
__dlib_version  = 6


*******************************************************************************
*** HEAP SELECTION
***

The basic heap was selected because some modules are built with
size limitations (and not runtime checking), and --advanced_heap
was not specified.


*******************************************************************************
*** PLACEMENT SUMMARY
***

"A0":  place at address 0x0 { ro section .intvec };
"P1":  place in [from 0x0 to 0x3'ffff] { ro };
define block CSTACK with size = 1K, alignment = 8 { };
define block HEAP with size = 0, alignment = 8 { };
"P2":  place in [from 0x2000'0000 to 0x2000'7fff] {
          rw, block CSTACK, block HEAP };

  Section          Kind         Address   Size  Object
  -------          ----         -------   ----  ------
"A0":                                     0x40
  .intvec          ro code          0x0   0x40  vector_table_M.o [4]
                                 - 0x40   0x40

"P1":                                    0x148
  .text            ro code         0x40   0x4c  main.o [1]
  .text            ro code         0x8c   0x38  zero_init3.o [4]
  .text            ro code         0xc4   0x28  data_init.o [4]
  .text            ro code         0xec   0x22  fpinit_M.o [3]
  .iar.init_table  const          0x110   0x10  - Linker created -
  .text            ro code        0x120    0x2  vectortrap_M.o [4]
  .text            ro code        0x124   0x1e  cmain.o [4]
  .text            ro code        0x142    0x4  low_level_init.o [2]
  .text            ro code        0x146    0x4  exit.o [2]
  .text            ro code        0x14c    0xa  cexit.o [4]
  .text            ro code        0x158   0x14  exit.o [5]
  .text            ro code        0x16c   0x1c  cstartup_M.o [4]
  .rodata          const          0x188    0x0  zero_init3.o [4]
                                - 0x188  0x148

"P2", part 1 of 2:                         0x8
  .bss             zero     0x2000'0000    0x4  main.o [1]
  .bss             zero     0x2000'0004    0x2  main.o [1]
  .bss             zero     0x2000'0006    0x1  main.o [1]
  .bss             zero     0x2000'0007    0x1  main.o [1]
                          - 0x2000'0008    0x8

"P2", part 2 of 2:                       0x400
  CSTACK                    0x2000'0008  0x400  <Block>
    CSTACK         uninit   0x2000'0008  0x400  <Block tail>
                          - 0x2000'0408  0x400

Unused ranges:

         From           To      Size
         ----           --      ----
        0x188     0x3'ffff  0x3'fe78
  0x2000'0408  0x2000'7fff    0x7bf8


*******************************************************************************
*** INIT TABLE
***

          Address      Size
          -------      ----
Zero (__iar_zero_init3)
    1 destination range, total size 0x8:
          0x2000'0000   0x8



*******************************************************************************
*** MODULE SUMMARY
***

    Module            ro code  ro data  rw data
    ------            -------  -------  -------
command line/config:
    -------------------------------------------
    Total:

D:\EEE\Embedded Systems\Tiva Launchpad\Projects\Lesson 10\Debug\Obj: [1]
    main.o                 76                 8
    -------------------------------------------
    Total:                 76                 8

dl7M_tln.a: [2]
    exit.o                  4
    low_level_init.o        4
    -------------------------------------------
    Total:                  8

m7M_tls.a: [3]
    fpinit_M.o             34
    -------------------------------------------
    Total:                 34

rt7M_tl.a: [4]
    cexit.o                10
    cmain.o                30
    cstartup_M.o           28
    data_init.o            40
    vector_table_M.o       64
    vectortrap_M.o          2
    zero_init3.o           56
    -------------------------------------------
    Total:                230

shb_l.a: [5]
    exit.o                 20
    -------------------------------------------
    Total:                 20

    Gaps                    6        2
    Linker created                  16    1'024
-----------------------------------------------
    Grand Total:          374       18    1'032


*******************************************************************************
*** ENTRY LIST
***

Entry                       Address  Size  Type      Object
-----                       -------  ----  ----      ------
.iar.init_table$$Base         0x110         --   Gb  - Linker created -
.iar.init_table$$Limit        0x120         --   Gb  - Linker created -
?main                         0x125        Code  Gb  cmain.o [4]
BusFault_Handler              0x121        Code  Wk  vectortrap_M.o [4]
CSTACK$$Base            0x2000'0008         --   Gb  - Linker created -
CSTACK$$Limit           0x2000'0408         --   Gb  - Linker created -
DebugMon_Handler              0x121        Code  Wk  vectortrap_M.o [4]
HardFault_Handler             0x121        Code  Wk  vectortrap_M.o [4]
MemManage_Handler             0x121        Code  Wk  vectortrap_M.o [4]
NMI_Handler                   0x121        Code  Wk  vectortrap_M.o [4]
PendSV_Handler                0x121        Code  Wk  vectortrap_M.o [4]
Region$$Table$$Base           0x110         --   Gb  - Linker created -
Region$$Table$$Limit          0x120         --   Gb  - Linker created -
SVC_Handler                   0x121        Code  Wk  vectortrap_M.o [4]
SysTick_Handler               0x121        Code  Wk  vectortrap_M.o [4]
UsageFault_Handler            0x121        Code  Wk  vectortrap_M.o [4]
__cmain                       0x125        Code  Gb  cmain.o [4]
__exit                        0x159  0x14  Code  Gb  exit.o [5]
__iar_data_init3               0xc5  0x28  Code  Gb  data_init.o [4]
__iar_init_vfp                 0xed        Code  Gb  fpinit_M.o [3]
__iar_program_start           0x16d        Code  Gb  cstartup_M.o [4]
__iar_zero_init3               0x8d  0x38  Code  Gb  zero_init3.o [4]
__low_level_init              0x143   0x4  Code  Gb  low_level_init.o [2]
__vector_table                  0x0        Data  Gb  vector_table_M.o [4]
_call_main                    0x131        Code  Gb  cmain.o [4]
_exit                         0x14d        Code  Gb  cexit.o [4]
exit                          0x147   0x4  Code  Gb  exit.o [2]
main                           0x41  0x4c  Code  Gb  main.o [1]
s16a                    0x2000'0004   0x2  Data  Gb  main.o [1]
s32a                    0x2000'0000   0x4  Data  Gb  main.o [1]
s8a                     0x2000'0006   0x1  Data  Gb  main.o [1]
u8a                     0x2000'0007   0x1  Data  Gb  main.o [1]


[1] = D:\EEE\Embedded Systems\Tiva Launchpad\Projects\Lesson 10\Debug\Obj
[2] = dl7M_tln.a
[3] = m7M_tls.a
[4] = rt7M_tl.a
[5] = shb_l.a

    374 bytes of readonly  code memory
     18 bytes of readonly  data memory
  1'032 bytes of readwrite data memory

Errors: none
Warnings: none
