###############################################################################
#
# IAR ELF Linker V9.20.4.327/W64 for ARM                  02/Aug/2022  19:41:55
# Copyright 2007-2022 IAR Systems AB.
#
#    Output file  =
#        D:\EEE\Embedded Systems\Tiva Launchpad\Projects\Lesson
#        9.2\Debug\Exe\Lesson.out
#    Map file     =
#        D:\EEE\Embedded Systems\Tiva Launchpad\Projects\Lesson
#        9.2\Debug\List\Lesson.map
#    Command line =
#        -f "D:\EEE\Embedded Systems\Tiva Launchpad\Projects\Lesson
#        9.2\Debug\Exe\Lesson.out.rsp" ("D:\EEE\Embedded Systems\Tiva
#        Launchpad\Projects\Lesson 9.2\Debug\Obj\Delay.o" "D:\EEE\Embedded
#        Systems\Tiva Launchpad\Projects\Lesson 9.2\Debug\Obj\main.o"
#        --no_out_extension -o "D:\EEE\Embedded Systems\Tiva
#        Launchpad\Projects\Lesson 9.2\Debug\Exe\Lesson.out" --redirect
#        _Printf=_PrintfFullNoMb --redirect _Scanf=_ScanfFullNoMb --map
#        "D:\EEE\Embedded Systems\Tiva Launchpad\Projects\Lesson
#        9.2\Debug\List\Lesson.map" --config "D:\EEE\Embedded Systems\Tiva
#        Launchpad\Projects\Lesson 9.2\Lesson.icf" --semihosting --entry
#        __iar_program_start --vfe --text_out locale)
#
###############################################################################

*******************************************************************************
*** RUNTIME MODEL ATTRIBUTES
***

CppFlavor       = *
__CPP_Runtime   = 1
__SystemLibrary = DLib
__dlib_version  = 6


*******************************************************************************
*** HEAP SELECTION
***

The basic heap was selected because some modules are built with
size limitations (and not runtime checking), and --advanced_heap
was not specified.


*******************************************************************************
*** PLACEMENT SUMMARY
***

"A0":  place at address 0x0 { ro section .intvec };
"P1":  place in [from 0x0 to 0x3'ffff] { ro };
define block CSTACK with size = 1K, alignment = 8 { };
define block HEAP with size = 0, alignment = 8 { };
"P2":  place in [from 0x2000'0000 to 0x2000'7fff] {
          rw, block CSTACK, block HEAP };

No sections matched the following patterns:

  rw  in "P2"


  Section   Kind         Address   Size  Object
  -------   ----         -------   ----  ------
"A0":                              0x40
  .intvec   ro code          0x0   0x40  vector_table_M.o [4]
                          - 0x40   0x40

"P1":                             0x138
  .text     ro code         0x40   0x90  main.o [1]
  .text     ro code         0xd0   0x20  Delay.o [1]
  .text     ro code         0xf0   0x22  fpinit_M.o [3]
  .text     ro code        0x112    0x2  vectortrap_M.o [4]
  .text     ro code        0x114   0x1e  cmain.o [4]
  .text     ro code        0x132    0x4  low_level_init.o [2]
  .text     ro code        0x136    0x4  exit.o [2]
  .text     ro code        0x13c    0xa  cexit.o [4]
  .text     ro code        0x148   0x14  exit.o [5]
  .text     ro code        0x15c   0x1c  cstartup_M.o [4]
                         - 0x178  0x138

"P2":                             0x400
  CSTACK             0x2000'0000  0x400  <Block>
    CSTACK  uninit   0x2000'0000  0x400  <Block tail>
                   - 0x2000'0400  0x400

Unused ranges:

         From           To      Size
         ----           --      ----
        0x178     0x3'ffff  0x3'fe88
  0x2000'0400  0x2000'7fff    0x7c00



*******************************************************************************
*** MODULE SUMMARY
***

    Module            ro code  rw data
    ------            -------  -------
command line/config:
    ----------------------------------
    Total:

D:\EEE\Embedded Systems\Tiva Launchpad\Projects\Lesson 9.2\Debug\Obj: [1]
    Delay.o                32
    main.o                144
    ----------------------------------
    Total:                176

dl7M_tln.a: [2]
    exit.o                  4
    low_level_init.o        4
    ----------------------------------
    Total:                  8

m7M_tls.a: [3]
    fpinit_M.o             34
    ----------------------------------
    Total:                 34

rt7M_tl.a: [4]
    cexit.o                10
    cmain.o                30
    cstartup_M.o           28
    vector_table_M.o       64
    vectortrap_M.o          2
    ----------------------------------
    Total:                134

shb_l.a: [5]
    exit.o                 20
    ----------------------------------
    Total:                 20

    Gaps                    4
    Linker created               1'024
--------------------------------------
    Grand Total:          376    1'024


*******************************************************************************
*** ENTRY LIST
***

Entry                     Address  Size  Type      Object
-----                     -------  ----  ----      ------
?main                       0x115        Code  Gb  cmain.o [4]
BusFault_Handler            0x113        Code  Wk  vectortrap_M.o [4]
CSTACK$$Base          0x2000'0000         --   Gb  - Linker created -
CSTACK$$Limit         0x2000'0400         --   Gb  - Linker created -
DebugMon_Handler            0x113        Code  Wk  vectortrap_M.o [4]
HardFault_Handler           0x113        Code  Wk  vectortrap_M.o [4]
MemManage_Handler           0x113        Code  Wk  vectortrap_M.o [4]
NMI_Handler                 0x113        Code  Wk  vectortrap_M.o [4]
PendSV_Handler              0x113        Code  Wk  vectortrap_M.o [4]
Region$$Table$$Base           0x0         --   Gb  - Linker created -
Region$$Table$$Limit          0x0         --   Gb  - Linker created -
SVC_Handler                 0x113        Code  Wk  vectortrap_M.o [4]
SysTick_Handler             0x113        Code  Wk  vectortrap_M.o [4]
UsageFault_Handler          0x113        Code  Wk  vectortrap_M.o [4]
__cmain                     0x115        Code  Gb  cmain.o [4]
__exit                      0x149  0x14  Code  Gb  exit.o [5]
__iar_init_vfp               0xf1        Code  Gb  fpinit_M.o [3]
__iar_program_start         0x15d        Code  Gb  cstartup_M.o [4]
__low_level_init            0x133   0x4  Code  Gb  low_level_init.o [2]
__vector_table                0x0        Data  Gb  vector_table_M.o [4]
_call_main                  0x121        Code  Gb  cmain.o [4]
_exit                       0x13d        Code  Gb  cexit.o [4]
delay                        0xd1  0x20  Code  Gb  Delay.o [1]
exit                        0x137   0x4  Code  Gb  exit.o [2]
main                         0x4b  0x6c  Code  Gb  main.o [1]
swap                         0x41   0xa  Code  Gb  main.o [1]


[1] = D:\EEE\Embedded Systems\Tiva Launchpad\Projects\Lesson 9.2\Debug\Obj
[2] = dl7M_tln.a
[3] = m7M_tls.a
[4] = rt7M_tl.a
[5] = shb_l.a

    376 bytes of readonly  code memory
  1'024 bytes of readwrite data memory

Errors: none
Warnings: none
